# serializer version: 1
# name: test_platform_setup_and_discovery[binary_sensor.hem_hub_connectivity-entry]
  EntityRegistryEntrySnapshot({
    'aliases': set({
    }),
    'area_id': None,
    'capabilities': None,
    'config_entry_id': <ANY>,
    'config_subentry_id': <ANY>,
    'device_class': None,
    'device_id': <ANY>,
    'disabled_by': None,
    'domain': 'binary_sensor',
    'entity_category': None,
    'entity_id': 'binary_sensor.hem_hub_connectivity',
    'has_entity_name': True,
    'hidden_by': None,
    'icon': None,
    'id': <ANY>,
    'labels': set({
    }),
    'name': None,
    'options': dict({
    }),
    'original_device_class': <BinarySensorDeviceClass.CONNECTIVITY: 'connectivity'>,
    'original_icon': None,
    'original_name': 'Connectivity',
    'platform': 'surepetcare',
    'previous_unique_id': None,
    'suggested_object_id': None,
    'supported_features': 0,
    'translation_key': 'connectivity',
    'unique_id': '295972-connectivity',
    'unit_of_measurement': None,
  })
# ---
# name: test_platform_setup_and_discovery[binary_sensor.hem_hub_connectivity-state]
  StateSnapshot({
    'attributes': ReadOnlyDict({
      'device_class': 'connectivity',
      'friendly_name': 'Hem-hub Connectivity',
    }),
    'context': <ANY>,
    'entity_id': 'binary_sensor.hem_hub_connectivity',
    'last_changed': <ANY>,
    'last_reported': <ANY>,
    'last_updated': <ANY>,
    'state': 'on',
  })
# ---
# name: test_platform_setup_and_discovery[binary_sensor.katzenklappe_connectivity-entry]
  EntityRegistryEntrySnapshot({
    'aliases': set({
    }),
    'area_id': None,
    'capabilities': None,
    'config_entry_id': <ANY>,
    'config_subentry_id': <ANY>,
    'device_class': None,
    'device_id': <ANY>,
    'disabled_by': None,
    'domain': 'binary_sensor',
    'entity_category': None,
    'entity_id': 'binary_sensor.katzenklappe_connectivity',
    'has_entity_name': True,
    'hidden_by': None,
    'icon': None,
    'id': <ANY>,
    'labels': set({
    }),
    'name': None,
    'options': dict({
    }),
    'original_device_class': <BinarySensorDeviceClass.CONNECTIVITY: 'connectivity'>,
    'original_icon': None,
    'original_name': 'Connectivity',
    'platform': 'surepetcare',
    'previous_unique_id': None,
    'suggested_object_id': None,
    'supported_features': 0,
    'translation_key': 'connectivity',
    'unique_id': '1299453-connectivity',
    'unit_of_measurement': None,
  })
# ---
# name: test_platform_setup_and_discovery[binary_sensor.katzenklappe_connectivity-state]
  StateSnapshot({
    'attributes': ReadOnlyDict({
      'device_class': 'connectivity',
      'friendly_name': 'Katzenklappe Connectivity',
    }),
    'context': <ANY>,
    'entity_id': 'binary_sensor.katzenklappe_connectivity',
    'last_changed': <ANY>,
    'last_reported': <ANY>,
    'last_updated': <ANY>,
    'state': 'on',
  })
# ---
# name: test_platform_setup_and_discovery[binary_sensor.katzenklappe_learn_mode-entry]
  EntityRegistryEntrySnapshot({
    'aliases': set({
    }),
    'area_id': None,
    'capabilities': None,
    'config_entry_id': <ANY>,
    'config_subentry_id': <ANY>,
    'device_class': None,
    'device_id': <ANY>,
    'disabled_by': None,
    'domain': 'binary_sensor',
    'entity_category': <EntityCategory.DIAGNOSTIC: 'diagnostic'>,
    'entity_id': 'binary_sensor.katzenklappe_learn_mode',
    'has_entity_name': True,
    'hidden_by': None,
    'icon': None,
    'id': <ANY>,
    'labels': set({
    }),
    'name': None,
    'options': dict({
    }),
    'original_device_class': None,
    'original_icon': None,
    'original_name': 'Learn Mode',
    'platform': 'surepetcare',
    'previous_unique_id': None,
    'suggested_object_id': None,
    'supported_features': 0,
    'translation_key': 'learn_mode',
    'unique_id': '1299453-learn_mode',
    'unit_of_measurement': None,
  })
# ---
# name: test_platform_setup_and_discovery[binary_sensor.katzenklappe_learn_mode-state]
  StateSnapshot({
    'attributes': ReadOnlyDict({
      'friendly_name': 'Katzenklappe Learn Mode',
    }),
    'context': <ANY>,
    'entity_id': 'binary_sensor.katzenklappe_learn_mode',
    'last_changed': <ANY>,
    'last_reported': <ANY>,
    'last_updated': <ANY>,
    'state': 'off',
  })
# ---
# name: test_platform_setup_and_discovery[binary_sensor.katzenklappe_none-entry]
  EntityRegistryEntrySnapshot({
    'aliases': set({
    }),
    'area_id': None,
    'capabilities': None,
    'config_entry_id': <ANY>,
    'config_subentry_id': <ANY>,
    'device_class': None,
    'device_id': <ANY>,
    'disabled_by': None,
    'domain': 'binary_sensor',
    'entity_category': None,
    'entity_id': 'binary_sensor.katzenklappe_none',
    'has_entity_name': True,
    'hidden_by': None,
    'icon': None,
    'id': <ANY>,
    'labels': set({
    }),
    'name': None,
    'options': dict({
    }),
    'original_device_class': None,
    'original_icon': None,
    'original_name': None,
    'platform': 'surepetcare',
    'previous_unique_id': None,
    'suggested_object_id': None,
    'supported_features': 0,
    'translation_key': 'curfew',
    'unique_id': '1299453-curfew',
    'unit_of_measurement': None,
  })
# ---
# name: test_platform_setup_and_discovery[binary_sensor.katzenklappe_none-state]
  StateSnapshot({
    'attributes': ReadOnlyDict({
      'control.curfew': list([
        dict({
          'enabled': False,
          'lock_time': datetime.time(22, 0),
          'unlock_time': datetime.time(22, 1),
        }),
        dict({
          'enabled': False,
          'lock_time': datetime.time(22, 6),
          'unlock_time': datetime.time(23, 6),
        }),
      ]),
      'friendly_name': 'Katzenklappe None',
    }),
    'context': <ANY>,
    'entity_id': 'binary_sensor.katzenklappe_none',
    'last_changed': <ANY>,
    'last_reported': <ANY>,
    'last_updated': <ANY>,
    'state': 'off',
  })
# ---
# name: test_platform_setup_and_discovery[binary_sensor.laundry_door_learn_mode-entry]
  EntityRegistryEntrySnapshot({
    'aliases': set({
    }),
    'area_id': None,
    'capabilities': None,
    'config_entry_id': <ANY>,
    'config_subentry_id': <ANY>,
    'device_class': None,
    'device_id': <ANY>,
    'disabled_by': None,
    'domain': 'binary_sensor',
    'entity_category': <EntityCategory.DIAGNOSTIC: 'diagnostic'>,
    'entity_id': 'binary_sensor.laundry_door_learn_mode',
    'has_entity_name': True,
    'hidden_by': None,
    'icon': None,
    'id': <ANY>,
    'labels': set({
    }),
    'name': None,
    'options': dict({
    }),
    'original_device_class': None,
    'original_icon': None,
    'original_name': 'Learn Mode',
    'platform': 'surepetcare',
    'previous_unique_id': None,
    'suggested_object_id': None,
    'supported_features': 0,
    'translation_key': 'learn_mode',
    'unique_id': '727608-learn_mode',
    'unit_of_measurement': None,
  })
# ---
# name: test_platform_setup_and_discovery[binary_sensor.laundry_door_learn_mode-state]
  StateSnapshot({
    'attributes': ReadOnlyDict({
      'friendly_name': 'Laundry Door Learn Mode',
    }),
    'context': <ANY>,
    'entity_id': 'binary_sensor.laundry_door_learn_mode',
    'last_changed': <ANY>,
    'last_reported': <ANY>,
    'last_updated': <ANY>,
    'state': 'off',
  })
# ---
# name: test_platform_setup_and_discovery[binary_sensor.laundry_door_none-entry]
  EntityRegistryEntrySnapshot({
    'aliases': set({
    }),
    'area_id': None,
    'capabilities': None,
    'config_entry_id': <ANY>,
    'config_subentry_id': <ANY>,
    'device_class': None,
    'device_id': <ANY>,
    'disabled_by': None,
    'domain': 'binary_sensor',
    'entity_category': None,
    'entity_id': 'binary_sensor.laundry_door_none',
    'has_entity_name': True,
    'hidden_by': None,
    'icon': None,
    'id': <ANY>,
    'labels': set({
    }),
    'name': None,
    'options': dict({
    }),
    'original_device_class': None,
    'original_icon': None,
    'original_name': None,
    'platform': 'surepetcare',
    'previous_unique_id': None,
    'suggested_object_id': None,
    'supported_features': 0,
    'translation_key': 'curfew',
    'unique_id': '727608-curfew',
    'unit_of_measurement': None,
  })
# ---
# name: test_platform_setup_and_discovery[binary_sensor.maui_matlada_old_connectivity-entry]
  EntityRegistryEntrySnapshot({
    'aliases': set({
    }),
    'area_id': None,
    'capabilities': None,
    'config_entry_id': <ANY>,
    'config_subentry_id': <ANY>,
    'device_class': None,
    'device_id': <ANY>,
    'disabled_by': None,
    'domain': 'binary_sensor',
    'entity_category': None,
    'entity_id': 'binary_sensor.maui_matlada_old_connectivity',
    'has_entity_name': True,
    'hidden_by': None,
    'icon': None,
    'id': <ANY>,
    'labels': set({
    }),
    'name': None,
    'options': dict({
    }),
    'original_device_class': <BinarySensorDeviceClass.CONNECTIVITY: 'connectivity'>,
    'original_icon': None,
    'original_name': 'Connectivity',
    'platform': 'surepetcare',
    'previous_unique_id': None,
    'suggested_object_id': None,
    'supported_features': 0,
    'translation_key': 'connectivity',
    'unique_id': '269654-connectivity',
    'unit_of_measurement': None,
  })
# ---
# name: test_platform_setup_and_discovery[binary_sensor.maui_matlada_old_connectivity-state]
  StateSnapshot({
    'attributes': ReadOnlyDict({
      'device_class': 'connectivity',
      'friendly_name': 'Maui matl√•da (old)  Connectivity',
    }),
    'context': <ANY>,
    'entity_id': 'binary_sensor.maui_matlada_old_connectivity',
    'last_changed': <ANY>,
    'last_reported': <ANY>,
    'last_updated': <ANY>,
    'state': 'on',
  })
# ---
# name: test_platform_setup_and_discovery[binary_sensor.maui_matlada_old_learn_mode-entry]
  EntityRegistryEntrySnapshot({
    'aliases': set({
    }),
    'area_id': None,
    'capabilities': None,
    'config_entry_id': <ANY>,
    'config_subentry_id': <ANY>,
    'device_class': None,
    'device_id': <ANY>,
    'disabled_by': None,
    'domain': 'binary_sensor',
    'entity_category': <EntityCategory.DIAGNOSTIC: 'diagnostic'>,
    'entity_id': 'binary_sensor.maui_matlada_old_learn_mode',
    'has_entity_name': True,
    'hidden_by': None,
    'icon': None,
    'id': <ANY>,
    'labels': set({
    }),
    'name': None,
    'options': dict({
    }),
    'original_device_class': None,
    'original_icon': None,
    'original_name': 'Learn Mode',
    'platform': 'surepetcare',
    'previous_unique_id': None,
    'suggested_object_id': None,
    'supported_features': 0,
    'translation_key': 'learn_mode',
    'unique_id': '269654-learn_mode',
    'unit_of_measurement': None,
  })
# ---
# name: test_platform_setup_and_discovery[binary_sensor.maui_matlada_old_learn_mode-state]
  StateSnapshot({
    'attributes': ReadOnlyDict({
      'friendly_name': 'Maui matl√•da (old)  Learn Mode',
    }),
    'context': <ANY>,
    'entity_id': 'binary_sensor.maui_matlada_old_learn_mode',
    'last_changed': <ANY>,
    'last_reported': <ANY>,
    'last_updated': <ANY>,
    'state': 'off',
  })
# ---
# name: test_platform_setup_and_discovery_missing_entities[binary_sensor.hem_hub_connectivity-entry]
  EntityRegistryEntrySnapshot({
    'aliases': set({
    }),
    'area_id': None,
    'capabilities': None,
    'config_entry_id': <ANY>,
    'config_subentry_id': <ANY>,
    'device_class': None,
    'device_id': <ANY>,
    'disabled_by': None,
    'domain': 'binary_sensor',
    'entity_category': None,
    'entity_id': 'binary_sensor.hem_hub_connectivity',
    'has_entity_name': True,
    'hidden_by': None,
    'icon': None,
    'id': <ANY>,
    'labels': set({
    }),
    'name': None,
    'options': dict({
    }),
    'original_device_class': <BinarySensorDeviceClass.CONNECTIVITY: 'connectivity'>,
    'original_icon': None,
    'original_name': 'Connectivity',
    'platform': 'surepetcare',
    'previous_unique_id': None,
    'suggested_object_id': None,
    'supported_features': 0,
    'translation_key': 'connectivity',
    'unique_id': '295972-connectivity',
    'unit_of_measurement': None,
  })
# ---
# name: test_platform_setup_and_discovery_missing_entities[binary_sensor.hem_hub_connectivity-state]
  StateSnapshot({
    'attributes': ReadOnlyDict({
      'device_class': 'connectivity',
      'friendly_name': 'Hem-hub Connectivity',
    }),
    'context': <ANY>,
    'entity_id': 'binary_sensor.hem_hub_connectivity',
    'last_changed': <ANY>,
    'last_reported': <ANY>,
    'last_updated': <ANY>,
    'state': 'on',
  })
# ---
# name: test_platform_setup_and_discovery_missing_entities[binary_sensor.katzenklappe_connectivity-entry]
  EntityRegistryEntrySnapshot({
    'aliases': set({
    }),
    'area_id': None,
    'capabilities': None,
    'config_entry_id': <ANY>,
    'config_subentry_id': <ANY>,
    'device_class': None,
    'device_id': <ANY>,
    'disabled_by': None,
    'domain': 'binary_sensor',
    'entity_category': None,
    'entity_id': 'binary_sensor.katzenklappe_connectivity',
    'has_entity_name': True,
    'hidden_by': None,
    'icon': None,
    'id': <ANY>,
    'labels': set({
    }),
    'name': None,
    'options': dict({
    }),
    'original_device_class': <BinarySensorDeviceClass.CONNECTIVITY: 'connectivity'>,
    'original_icon': None,
    'original_name': 'Connectivity',
    'platform': 'surepetcare',
    'previous_unique_id': None,
    'suggested_object_id': None,
    'supported_features': 0,
    'translation_key': 'connectivity',
    'unique_id': '1299453-connectivity',
    'unit_of_measurement': None,
  })
# ---
# name: test_platform_setup_and_discovery_missing_entities[binary_sensor.katzenklappe_connectivity-state]
  StateSnapshot({
    'attributes': ReadOnlyDict({
      'device_class': 'connectivity',
      'friendly_name': 'Katzenklappe Connectivity',
    }),
    'context': <ANY>,
    'entity_id': 'binary_sensor.katzenklappe_connectivity',
    'last_changed': <ANY>,
    'last_reported': <ANY>,
    'last_updated': <ANY>,
    'state': 'on',
  })
# ---
# name: test_platform_setup_and_discovery_missing_entities[binary_sensor.katzenklappe_learn_mode-entry]
  EntityRegistryEntrySnapshot({
    'aliases': set({
    }),
    'area_id': None,
    'capabilities': None,
    'config_entry_id': <ANY>,
    'config_subentry_id': <ANY>,
    'device_class': None,
    'device_id': <ANY>,
    'disabled_by': None,
    'domain': 'binary_sensor',
    'entity_category': <EntityCategory.DIAGNOSTIC: 'diagnostic'>,
    'entity_id': 'binary_sensor.katzenklappe_learn_mode',
    'has_entity_name': True,
    'hidden_by': None,
    'icon': None,
    'id': <ANY>,
    'labels': set({
    }),
    'name': None,
    'options': dict({
    }),
    'original_device_class': None,
    'original_icon': None,
    'original_name': 'Learn Mode',
    'platform': 'surepetcare',
    'previous_unique_id': None,
    'suggested_object_id': None,
    'supported_features': 0,
    'translation_key': 'learn_mode',
    'unique_id': '1299453-learn_mode',
    'unit_of_measurement': None,
  })
# ---
# name: test_platform_setup_and_discovery_missing_entities[binary_sensor.katzenklappe_learn_mode-state]
  StateSnapshot({
    'attributes': ReadOnlyDict({
      'friendly_name': 'Katzenklappe Learn Mode',
    }),
    'context': <ANY>,
    'entity_id': 'binary_sensor.katzenklappe_learn_mode',
    'last_changed': <ANY>,
    'last_reported': <ANY>,
    'last_updated': <ANY>,
    'state': 'off',
  })
# ---
# name: test_platform_setup_and_discovery_missing_entities[binary_sensor.katzenklappe_none-entry]
  EntityRegistryEntrySnapshot({
    'aliases': set({
    }),
    'area_id': None,
    'capabilities': None,
    'config_entry_id': <ANY>,
    'config_subentry_id': <ANY>,
    'device_class': None,
    'device_id': <ANY>,
    'disabled_by': None,
    'domain': 'binary_sensor',
    'entity_category': None,
    'entity_id': 'binary_sensor.katzenklappe_none',
    'has_entity_name': True,
    'hidden_by': None,
    'icon': None,
    'id': <ANY>,
    'labels': set({
    }),
    'name': None,
    'options': dict({
    }),
    'original_device_class': None,
    'original_icon': None,
    'original_name': None,
    'platform': 'surepetcare',
    'previous_unique_id': None,
    'suggested_object_id': None,
    'supported_features': 0,
    'translation_key': 'curfew',
    'unique_id': '1299453-curfew',
    'unit_of_measurement': None,
  })
# ---
# name: test_platform_setup_and_discovery_missing_entities[binary_sensor.katzenklappe_none-state]
  StateSnapshot({
    'attributes': ReadOnlyDict({
      'control.curfew': list([
        dict({
          'enabled': False,
          'lock_time': datetime.time(22, 0),
          'unlock_time': datetime.time(22, 1),
        }),
        dict({
          'enabled': False,
          'lock_time': datetime.time(22, 6),
          'unlock_time': datetime.time(23, 6),
        }),
      ]),
      'friendly_name': 'Katzenklappe None',
    }),
    'context': <ANY>,
    'entity_id': 'binary_sensor.katzenklappe_none',
    'last_changed': <ANY>,
    'last_reported': <ANY>,
    'last_updated': <ANY>,
    'state': 'off',
  })
# ---
# name: test_platform_setup_and_discovery_missing_entities[binary_sensor.laundry_door_learn_mode-entry]
  EntityRegistryEntrySnapshot({
    'aliases': set({
    }),
    'area_id': None,
    'capabilities': None,
    'config_entry_id': <ANY>,
    'config_subentry_id': <ANY>,
    'device_class': None,
    'device_id': <ANY>,
    'disabled_by': None,
    'domain': 'binary_sensor',
    'entity_category': <EntityCategory.DIAGNOSTIC: 'diagnostic'>,
    'entity_id': 'binary_sensor.laundry_door_learn_mode',
    'has_entity_name': True,
    'hidden_by': None,
    'icon': None,
    'id': <ANY>,
    'labels': set({
    }),
    'name': None,
    'options': dict({
    }),
    'original_device_class': None,
    'original_icon': None,
    'original_name': 'Learn Mode',
    'platform': 'surepetcare',
    'previous_unique_id': None,
    'suggested_object_id': None,
    'supported_features': 0,
    'translation_key': 'learn_mode',
    'unique_id': '727608-learn_mode',
    'unit_of_measurement': None,
  })
# ---
# name: test_platform_setup_and_discovery_missing_entities[binary_sensor.laundry_door_learn_mode-state]
  StateSnapshot({
    'attributes': ReadOnlyDict({
      'friendly_name': 'Laundry Door Learn Mode',
    }),
    'context': <ANY>,
    'entity_id': 'binary_sensor.laundry_door_learn_mode',
    'last_changed': <ANY>,
    'last_reported': <ANY>,
    'last_updated': <ANY>,
    'state': 'off',
  })
# ---
# name: test_platform_setup_and_discovery_missing_entities[binary_sensor.laundry_door_none-entry]
  EntityRegistryEntrySnapshot({
    'aliases': set({
    }),
    'area_id': None,
    'capabilities': None,
    'config_entry_id': <ANY>,
    'config_subentry_id': <ANY>,
    'device_class': None,
    'device_id': <ANY>,
    'disabled_by': None,
    'domain': 'binary_sensor',
    'entity_category': None,
    'entity_id': 'binary_sensor.laundry_door_none',
    'has_entity_name': True,
    'hidden_by': None,
    'icon': None,
    'id': <ANY>,
    'labels': set({
    }),
    'name': None,
    'options': dict({
    }),
    'original_device_class': None,
    'original_icon': None,
    'original_name': None,
    'platform': 'surepetcare',
    'previous_unique_id': None,
    'suggested_object_id': None,
    'supported_features': 0,
    'translation_key': 'curfew',
    'unique_id': '727608-curfew',
    'unit_of_measurement': None,
  })
# ---
# name: test_platform_setup_and_discovery_missing_entities[binary_sensor.maui_matlada_old_connectivity-entry]
  EntityRegistryEntrySnapshot({
    'aliases': set({
    }),
    'area_id': None,
    'capabilities': None,
    'config_entry_id': <ANY>,
    'config_subentry_id': <ANY>,
    'device_class': None,
    'device_id': <ANY>,
    'disabled_by': None,
    'domain': 'binary_sensor',
    'entity_category': None,
    'entity_id': 'binary_sensor.maui_matlada_old_connectivity',
    'has_entity_name': True,
    'hidden_by': None,
    'icon': None,
    'id': <ANY>,
    'labels': set({
    }),
    'name': None,
    'options': dict({
    }),
    'original_device_class': <BinarySensorDeviceClass.CONNECTIVITY: 'connectivity'>,
    'original_icon': None,
    'original_name': 'Connectivity',
    'platform': 'surepetcare',
    'previous_unique_id': None,
    'suggested_object_id': None,
    'supported_features': 0,
    'translation_key': 'connectivity',
    'unique_id': '269654-connectivity',
    'unit_of_measurement': None,
  })
# ---
# name: test_platform_setup_and_discovery_missing_entities[binary_sensor.maui_matlada_old_connectivity-state]
  StateSnapshot({
    'attributes': ReadOnlyDict({
      'device_class': 'connectivity',
      'friendly_name': 'Maui matl√•da (old)  Connectivity',
    }),
    'context': <ANY>,
    'entity_id': 'binary_sensor.maui_matlada_old_connectivity',
    'last_changed': <ANY>,
    'last_reported': <ANY>,
    'last_updated': <ANY>,
    'state': 'on',
  })
# ---
# name: test_platform_setup_and_discovery_missing_entities[binary_sensor.maui_matlada_old_learn_mode-entry]
  EntityRegistryEntrySnapshot({
    'aliases': set({
    }),
    'area_id': None,
    'capabilities': None,
    'config_entry_id': <ANY>,
    'config_subentry_id': <ANY>,
    'device_class': None,
    'device_id': <ANY>,
    'disabled_by': None,
    'domain': 'binary_sensor',
    'entity_category': <EntityCategory.DIAGNOSTIC: 'diagnostic'>,
    'entity_id': 'binary_sensor.maui_matlada_old_learn_mode',
    'has_entity_name': True,
    'hidden_by': None,
    'icon': None,
    'id': <ANY>,
    'labels': set({
    }),
    'name': None,
    'options': dict({
    }),
    'original_device_class': None,
    'original_icon': None,
    'original_name': 'Learn Mode',
    'platform': 'surepetcare',
    'previous_unique_id': None,
    'suggested_object_id': None,
    'supported_features': 0,
    'translation_key': 'learn_mode',
    'unique_id': '269654-learn_mode',
    'unit_of_measurement': None,
  })
# ---
# name: test_platform_setup_and_discovery_missing_entities[binary_sensor.maui_matlada_old_learn_mode-state]
  StateSnapshot({
    'attributes': ReadOnlyDict({
      'friendly_name': 'Maui matl√•da (old)  Learn Mode',
    }),
    'context': <ANY>,
    'entity_id': 'binary_sensor.maui_matlada_old_learn_mode',
    'last_changed': <ANY>,
    'last_reported': <ANY>,
    'last_updated': <ANY>,
    'state': 'off',
  })
# ---
